[writingerrands.com/index.html]
[backblue.gif]
[fade.gif]
[index.html]
[writingerrands.com/images/favicon-logo.png]
[cdn.ckeditor.com/4.7.0/full-all/ckeditor.js]
[writingerrands.com/js/jquery.js]
[writingerrands.com/js/bootstrap.js]
[writingerrands.com/js/form-plugin.js]
[writingerrands.com/js/q.js]
[writingerrands.com/js/autosize.js]
[writingerrands.com/js/cropper.js]
[writingerrands.com/login51ca.html]
[writingerrands.com/sitemap.xml]
[writingerrands.com/loginbef8.html]
[writingerrands.com/upload-profiles.html]
[cdnjs.cloudflare.com/ajax/libs/OwlCarousel2/2.3.4/owl.carousel.min.js]
[cdnjs.cloudflare.com/ajax/libs/OwlCarousel2/2.3.4/assets/owl.carousel.min.css]
[cdnjs.cloudflare.com/ajax/libs/OwlCarousel2/2.3.4/assets/owl.theme.default.css]
[writingerrands.com/order45bd.html]
[writingerrands.com/images/order-ad.gif]
[writingerrands.com/index-2.html]
[writingerrands.com/images/logo.png]
[writingerrands.com/services.html]
[writingerrands.com/samples.html]
[writingerrands.com/books.html]
[writingerrands.com/terms-of-service.html]
[writingerrands.com/blog/index.html]
[writingerrands.com/contact-us.html]
[writingerrands.com/order.html]
[writingerrands.com/login.html]
[writingerrands.com/register.html]
[writingerrands.com/images/banner-bg.png]
[writingerrands.com/order03ab.html]
[writingerrands.com/view-writer03ab.html]
[writingerrands.com/ordere062.html]
[writingerrands.com/view-writere062.html]
[writingerrands.com/order7ace.html]
[writingerrands.com/view-writer7ace.html]
[writingerrands.com/all-writers.html]
[writingerrands.com/videos/writing_errands.mp4]
[writingerrands.com/blog/category/acaddmic-writing/index.html]
[writingerrands.com/blog/category/book-review/index.html]
[writingerrands.com/blog/article-review-writing-the-preparation-and-process-involved/index.html]
[writingerrands.com/css/social_img/youtube.png]
[writingerrands.com/blog/how-to-structure-your-business-blog-posts-to-maximize-direction/index.html]
[writingerrands.com/blog/category/uncategorized/general-work-at-writngerrands-com/index.html]
[writingerrands.com/blog/category/medicine-and-nursing-assignments/assignment-help/index.html]
[writingerrands.com/blog/the-ultimate-guide-to-product-marketing-in-2020/index.html]
[writingerrands.com/css/social_img/twitter.jpg]
[writingerrands.com/blog/why-fiber-is-essential-for-a-healthy-diet/index.html]
[writingerrands.com/blog/best-five-elements-of-a-great-content-writer/index.html]
[writingerrands.com/blog/how-to-write-questions-for-an-interview/index.html]
[writingerrands.com/blog/lab-report/index.html]
[writingerrands.com/css/social_img/fb.png]
[writingerrands.com/blog/essay-writing-how-to-structure-the-title-of-an-essay/index.html]
[writingerrands.com/blog/programming-in-writing-errands/index.html]
[writingerrands.com/blog/mathematics-homework-help/index.html]
[writingerrands.com/blog/steps-involved-in-writing-a-winning-business-proposal/index.html]
[writingerrands.com/blog/law-articles/index.html]
[writingerrands.com/blog/the-role-of-antibiotics-in-the-treatment-of-infections/index.html]
[writingerrands.com/blog/how-to-write-an-outstanding-resume/index.html]
[writingerrands.com/blog/heart-disease-first-aid-cure-for-sudden-cardiac-arrest/index.html]
[writingerrands.com/images/visa_PNG17.3e.delayed]
[writingerrands.com/blog/nursing-homework-help/index.html]
[writingerrands.com/blog/how-to-write-a-winning-business-plan/index.html]
[writingerrands.com/blog/environment-in-learning/index.html]
[writingerrands.com/blog/best-accounting-help/index.html]
[writingerrands.com/images/580b57fcd9996e24bc43c530.png]
[writingerrands.com/blog/causes-and-types-of-seizures-in-infants/index.html]
[writingerrands.com/refund-policy.html]
[writingerrands.com/payments-policy.html]
[writingerrands.com/index.html]
[writingerrands.com/plagiarism-policy.html]
[writingerrands.com/css/bootstrap.css]
[writingerrands.com/q-software/q-icons/ic_keyboard_arrow_down_black_24dp.png]
[writingerrands.com/css/q.css]
[writingerrands.com/images/front-page.jpg]
[writingerrands.com/css/main.css]
[writingerrands.com/fonts/Rivolicons-Freeee60.eot]
[writingerrands.com/fonts/Rivolicons-Freed41d.eot]
[writingerrands.com/fonts/Rivolicons-Freeee60.ttf]
[writingerrands.com/fonts/Rivolicons-Freeee60.woff]
[writingerrands.com/style.css]
[writingerrands.com/css/responsive.css]
[writingerrands.com/css/cropper_.html]
[writingerrands.com/js/uploder.js]
[writingerrands.com/css/animate.css]
[writingerrands.com/images/logo-alt.png]
[writingerrands.com/q-software/q-icons/hide-the-password.png]
[writingerrands.com/q-software/q-icons/show-the-password.png]
[writingerrands.com/forgot-password.html]
[writingerrands.com/images/exit-popup-bg.jpg]
[writingerrands.com/images/upload-file-512.png]
[writingerrands.com/q-software/q-icons/loading.gif]
[writingerrands.com/q-software/q-icons/success.png]
[writingerrands.com/q-software/q-icons/alert-triangle-red-32.png]
[writingerrands.com/q-software/audios/Windows Notify Calendar.wav]
[writingerrands.com/q-software/audios/chord.wav]
[writingerrands.com/q-software/audios/time-is-now.mp3]
[writingerrands.com/login51ca.html]
[writingerrands.com/about-us.html]
[writingerrands.com/loginbef8.html]
[writingerrands.com/upload-profiles.html]
[writingerrands.com/css/index1e78.css]
[cdnjs.cloudflare.com/ajax/libs/OwlCarousel2/2.3.4/assets/owl.carousel.min.css]
[cdnjs.cloudflare.com/ajax/libs/OwlCarousel2/2.3.4/assets/owl.theme.default.css]
[writingerrands.com/css/ratings.css]
[writingerrands.com/css/footer.css]
[writingerrands.com/css/order1e78.css]
[writingerrands.com/static.olark.com/jsclient/loader.html]
[cdnjs.cloudflare.com/ajax/libs/OwlCarousel2/2.3.4/assets/owl.video.play.png]
[writingerrands.com/images/writing-errands-ad.png]
[writingerrands.com/view-writer.html]
[writingerrands.com/order45bd.html]
[writingerrands.com/index-2.html]
[writingerrands.com/services.html]
[code.jquery.com/jquery-3.4.1.min.js]
[writingerrands.com/samples.html]
[writingerrands.com/books5aa3.html]
[writingerrands.com/books_admin/images/60449845ed84b1.61222992.jpg]
[writingerrands.com/booksfeb0.html]
[writingerrands.com/books_admin/images/60449c3fa93116.24742290.jpg]
[writingerrands.com/books0bb1.html]
[writingerrands.com/books_admin/images/6044caf9142959.43696051.jpg]
[writingerrands.com/books846d.html]
[writingerrands.com/books_admin/images/60453ddf5c8b41.57779283.jpg]
[writingerrands.com/books0cbb.html]
[writingerrands.com/books_admin/images/6046e6f4bf9c42.85338700.jpg]
[writingerrands.com/books81ee.html]
[writingerrands.com/books_admin/images/604760aee09624.33445194.jpg]
[writingerrands.com/books5299.html]
[writingerrands.com/books_admin/images/6048390210f9a1.00325493.jpg]
[writingerrands.com/books2f5b.html]
[writingerrands.com/books_admin/images/60483f39dbf805.45687711.jpg]
[writingerrands.com/booksd294.html]
[writingerrands.com/books_admin/images/60486bba6c2826.12888975.jpg]
[writingerrands.com/booksa6c0.html]
[writingerrands.com/books_admin/images/604970555472a4.43294788.jpg]
[writingerrands.com/books7ce8.html]
[writingerrands.com/books_admin/images/604a8d4d5535f6.33687006.jpg]
[writingerrands.com/books76a9.html]
[writingerrands.com/books_admin/images/604db7dd3974d5.67235597.jpg]
[writingerrands.com/books.html]
[writingerrands.com/terms-of-service.html]
[writingerrands.com/blog/feed/index.html]
[writingerrands.com/blog/comments/feed/index.html]
[writingerrands.com/blog/page/2/index.html]
[writingerrands.com/blog/wp-includes/js/jquery/jquery.min9d52.js]
[writingerrands.com/blog/wp-includes/js/jquery/jquery-migrate.mind617.js]
[writingerrands.com/blog/wp-content/plugins/woo-product-social-sharing/public/js/wc_ss_btns-public09e1.js]
[writingerrands.com/blog/wp-json/index.html]
[writingerrands.com/blog/wp-includes/wlwmanifest.xml]
[pagead2.googlesyndication.com/pagead/js/f.txt]
[writingerrands.com/blog/wp-content/uploads/2020/08/cropped-favicon-logo-32x32.png]
[writingerrands.com/blog/wp-content/uploads/2020/08/cropped-favicon-logo-192x192.png]
[writingerrands.com/blog/wp-content/uploads/2020/08/cropped-favicon-logo-180x180.png]
[writingerrands.com/login9026.html]
[writingerrands.com/register9026.html]
[writingerrands.com/blog/wp-content/uploads/2019/11/WhatsApp-Image-2019-11-19-at-07.58.25-192x300.jpg]
[writingerrands.com/blog/category/guide/index.html]
[writingerrands.com/blog/making-online-money-transfer-to-africa-with-moneygram/index.html]
[writingerrands.com/blog/author/benedict97144/index.html]
[writingerrands.com/blog/wp-content/plugins/disqus-comment-system/public/js/comment_counta13e.js]
[writingerrands.com/blog/pueperium-and-management/index.html]
[writingerrands.com/blog/author/kibra92/index.html]
[writingerrands.com/blog/make-instant-money-transfer-to-africa-with-bitsika-at-zero-fees/index.html]
[writingerrands.com/blog/category/uncategorized/index.html]
[writingerrands.com/blog/wp-content/themes/blogeasy/assets/js/jquery.slicknav501e.js]
[writingerrands.com/blog/category/why-writingerrands/index.html]
[writingerrands.com/blog/cybercrime-lawassignments-help/index.html]
[writingerrands.com/blog/category/law/index.html]
[writingerrands.com/blog/strategic-human-resource-management-verses-human-resource-management/index.html]
[writingerrands.com/blog/wp-content/themes/blogeasy/assets/js/theme8a54.js]
[writingerrands.com/blog/ranging-in-the-field-of-education-after-covid-19/index.html]
[writingerrands.com/blog/tag/product-marketing/index.html]
[writingerrands.com/blog/how-common-is-erectile-dysfunction-in-young-men/index.html]
[writingerrands.com/blog/tag/erectile-dysfunction/index.html]
[writingerrands.com/blog/wp-includes/js/wp-embed.mine23c.js]
[writingerrands.com/blog/index.html]
[writingerrands.com/blog/how-to-survive-an-asthma-attack-if-youre-caught-without-inhaler/index.html]
[writingerrands.com/blog/tag/cardiac-arrest/index.html]
[writingerrands.com/contact-us.html]
[writingerrands.com/blog/tag/asthma-attack/index.html]
[writingerrands.com/blog/category/medicine-and-nursing-assignments/index.html]
[writingerrands.com/order.html]
[writingerrands.com/login.html]
[writingerrands.com/register.html]
[writingerrands.com/images/fake_profile/60aa302f5e6a51621766191/218b0399e46008235d1a0b683526f8fb.html]
[writingerrands.com/order03ab.html]
[writingerrands.com/view-writer03ab.html]
[writingerrands.com/ordere062.html]
[writingerrands.com/view-writere062.html]
[writingerrands.com/images/fake_profile/60ac53a0d2f641621906336/-1_6906276_0_1_3.html]
[writingerrands.com/order7ace.html]
[writingerrands.com/view-writer7ace.html]
[writingerrands.com/order78e7.html]
[writingerrands.com/view-writer78e7.html]
[writingerrands.com/order7e5c.html]
[writingerrands.com/view-writer7e5c.html]
[writingerrands.com/all-writers.html]
[writingerrands.com/videos/writing_errands.mp4.html]
[writingerrands.com/blog/category/acaddmic-writing/feed/index.html]
[writingerrands.com/blog/wp-json/wp/v2/categories/3.json]
[writingerrands.com/blog/category/acaddmic-writing/page/2/index.html]
[writingerrands.com/logina6ec.html]
[writingerrands.com/registera6ec.html]
[writingerrands.com/blog/wp-content/uploads/2019/12/overlay-1200x900.jpg]
[writingerrands.com/blog/category/acaddmic-writing/index.html]
[writingerrands.com/blog/things-to-note-before-organizing-an-interview/index.html]
[writingerrands.com/blog/tag/interview-questions/index.html]
[writingerrands.com/blog/tag/preparing-for-interview/index.html]
[writingerrands.com/blog/tag/engaging-articles/index.html]
[writingerrands.com/blog/nine-essential-elements-of-a-great-content/index.html]
[writingerrands.com/blog/tag/greate-content/index.html]
[writingerrands.com/blog/how-to-achieve-high-grades-in-your-academic-papers/index.html]
[writingerrands.com/blog/wp-json/wp/v2/categories/4.json]
[writingerrands.com/blog/how-to-plan-your-essay/index.html]
[writingerrands.com/blog/how-should-an-academic-essay-be-arranged/index.html]
[writingerrands.com/blog/sleep-disorders/index.html]
[writingerrands.com/blog/tag/essay-title/index.html]
[writingerrands.com/blog/tag/essay-writing/index.html]
[writingerrands.com/blog/category/book-review/feed/index.html]
[writingerrands.com/logina8b5.html]
[writingerrands.com/registera8b5.html]
[writingerrands.com/blog/category/book-review/index.html]
[writingerrands.com/blog/book-review-how-to-facilitate-a-proper-book-review/index.html]
[writingerrands.com/blog/article-review-writing-the-preparation-and-process-involved/feed/index.html]
[writingerrands.com/blog/wp-json/wp/v2/posts/60.json]
[writingerrands.com/blog/wp-json/oembed/1.0/embed1050.json]
[writingerrands.com/blog/wp-json/oembed/1.0/embed2603]
[writingerrands.com/login703f.html]
[writingerrands.com/register703f.html]
[writingerrands.com/blog/steps-involved-in-writing-seo-friendly-article/index.html]
[writingerrands.com/blog/tag/article-review-writing/index.html]
[writingerrands.com/blog/letter-of-application-a-complete-guide-on-the-stages-involved/index.html]
[writingerrands.com/blog/short-preparation-debate-two-methods-for-developing-a-case/index.html]
[writingerrands.com/blog/wp-content/plugins/disqus-comment-system/public/js/comment_embeda13e.js]
[writingerrands.com/blog/wp-includes/js/comment-reply.mine23c.js]
[writingerrands.com/blog/article-review-writing-the-preparation-and-process-involved/index.html]
[writingerrands.com/blog/how-to-structure-your-business-blog-posts-to-maximize-direction/feed/index.html]
[writingerrands.com/blog/wp-json/wp/v2/posts/312.json]
[writingerrands.com/blog/wp-json/oembed/1.0/embedbd30.json]
[writingerrands.com/blog/wp-json/oembed/1.0/embed5c6b]
[writingerrands.com/loginc3d9.html]
[writingerrands.com/registerc3d9.html]
[writingerrands.com/blog/how-to-structure-your-business-blog-posts-to-maximize-direction/index.html]
[writingerrands.com/blog/orders-and-how-they-are-passed-in-writing-errands/index.html]
[writingerrands.com/blog/tag/business-blog-posts/index.html]
[writingerrands.com/blog/steps-involved-in-getting-the-best-medical-care/index.html]
[writingerrands.com/blog/checkout-acute-coughs-and-the-solutions-to-them/index.html]
[writingerrands.com/blog/category/uncategorized/general-work-at-writngerrands-com/feed/index.html]
[writingerrands.com/blog/category/uncategorized/general-work-at-writngerrands-com/page/2/index.html]
[writingerrands.com/blog/wp-json/wp/v2/categories/50.json]
[writingerrands.com/login95ab.html]
[writingerrands.com/register95ab.html]
[writingerrands.com/blog/wp-content/uploads/2019/12/Capture-errands-1366x675.png]
[writingerrands.com/blog/category/uncategorized/general-work-at-writngerrands-com/index.html]
[writingerrands.com/blog/tag/birth-defects/index.html]
[writingerrands.com/blog/how-to-reduce-birth-defects-in-children/index.html]
[writingerrands.com/blog/tag/folic-acid/index.html]
[writingerrands.com/blog/tag/pregnant-women/index.html]
[writingerrands.com/blog/what-you-need-to-know-about-physical-therapy/index.html]
[writingerrands.com/blog/tag/physical-therapy/index.html]
[writingerrands.com/blog/tag/fiber/index.html]
[writingerrands.com/blog/wp-json/wp/v2/categories/29.json]
[writingerrands.com/blog/tag/healthy-diet/index.html]
[writingerrands.com/blog/tag/best-medical-care/index.html]
[writingerrands.com/blog/tag/great-content-writer/index.html]
[writingerrands.com/blog/tag/writing/index.html]
[writingerrands.com/blog/how-to-improve-your-page-ranking-for-a-specific-keyword/index.html]
[writingerrands.com/blog/tag/keyword-ranking/index.html]
[writingerrands.com/blog/tag/page-ranking/index.html]
[writingerrands.com/blog/tag/writingerrand/index.html]
[writingerrands.com/blog/writing-errands-the-best-homework-helper/index.html]
[writingerrands.com/blog/tag/seizures-in-infants/index.html]
[writingerrands.com/blog/category/medicine-and-nursing-assignments/assignment-help/feed/index.html]
[writingerrands.com/blog/category/medicine-and-nursing-assignments/assignment-help/page/2/index.html]
[writingerrands.com/login9812.html]
[writingerrands.com/blog/category/medicine-and-nursing-assignments/assignment-help/index.html]
[writingerrands.com/register9812.html]
[writingerrands.com/blog/tag/kidney-stones/index.html]
[writingerrands.com/blog/dealing-and-avoiding-kidney-stones/index.html]
[writingerrands.com/blog/the-underlying-importance-of-detox-diets-and-cleanses/index.html]
[writingerrands.com/blog/tag/cleanses/index.html]
[writingerrands.com/blog/wp-json/wp/v2/posts/354.json]
[writingerrands.com/blog/tag/detox-diets/index.html]
[writingerrands.com/blog/tag/healthcare/index.html]
[writingerrands.com/blog/how-technology-is-making-healthcare-more-accessible-and-affordable/index.html]
[writingerrands.com/blog/what-we-should-know-about-the-new-coronavirus/index.html]
[writingerrands.com/blog/wp-json/oembed/1.0/embeda735.json]
[writingerrands.com/blog/tag/coronavirus/index.html]
[writingerrands.com/blog/tag/hyaluronic-acid/index.html]
[writingerrands.com/blog/hyaluronic-acid-hype-or-hope/index.html]
[writingerrands.com/blog/the-ultimate-guide-to-product-marketing-in-2020/feed/index.html]
[writingerrands.com/blog/wp-json/oembed/1.0/embed494e]
[writingerrands.com/login177b.html]
[writingerrands.com/blog/the-ultimate-guide-to-product-marketing-in-2020/index.html]
[writingerrands.com/register177b.html]
[writingerrands.com/blog/why-fiber-is-essential-for-a-healthy-diet/feed/index.html]
[writingerrands.com/blog/wp-json/wp/v2/posts/316.json]
[writingerrands.com/blog/wp-json/oembed/1.0/embede3de.json]
[writingerrands.com/blog/wp-json/oembed/1.0/embed1d42]
[writingerrands.com/login56bd.html]
[writingerrands.com/blog/why-fiber-is-essential-for-a-healthy-diet/index.html]
[writingerrands.com/register56bd.html]
[writingerrands.com/blog/wp-json/wp/v2/posts/306.json]
[writingerrands.com/blog/how-to-order-a-paper-in-writing-errands/index.html]
[writingerrands.com/blog/best-five-elements-of-a-great-content-writer/feed/index.html]
[writingerrands.com/blog/wp-json/oembed/1.0/embed03ce.json]
[writingerrands.com/blog/wp-json/oembed/1.0/embedca8a]
[writingerrands.com/login97ab.html]
[writingerrands.com/blog/best-five-elements-of-a-great-content-writer/index.html]
[writingerrands.com/register97ab.html]
[writingerrands.com/blog/wp-json/wp/v2/posts/296.json]
[writingerrands.com/blog/how-to-write-questions-for-an-interview/feed/index.html]
[writingerrands.com/blog/wp-json/oembed/1.0/embed13ea.json]
[writingerrands.com/blog/wp-json/oembed/1.0/embed212d]
[writingerrands.com/loginb186.html]
[writingerrands.com/blog/how-to-write-questions-for-an-interview/index.html]
[writingerrands.com/registerb186.html]
[writingerrands.com/blog/wp-json/wp/v2/posts/291.json]
[writingerrands.com/blog/245-2/index.html]
[writingerrands.com/blog/lab-report/feed/index.html]
[writingerrands.com/blog/wp-json/oembed/1.0/embed7478.json]
[writingerrands.com/blog/wp-json/oembed/1.0/embed9839]
[writingerrands.com/login80e1.html]
[writingerrands.com/blog/lab-report/index.html]
[writingerrands.com/register80e1.html]
[writingerrands.com/blog/wp-json/wp/v2/posts/83.json]
[writingerrands.com/blog/essay-writing-how-to-structure-the-title-of-an-essay/feed/index.html]
[writingerrands.com/blog/wp-json/oembed/1.0/embed6f0b.json]
[writingerrands.com/blog/wp-json/oembed/1.0/embed6d94]
[writingerrands.com/logince89.html]
[writingerrands.com/blog/essay-writing-how-to-structure-the-title-of-an-essay/index.html]
[writingerrands.com/registerce89.html]
[writingerrands.com/blog/responsibilities-of-pharmacist-in-health-care-development/index.html]
[writingerrands.com/blog/how-to-write-a-formal-letter-and-the-steps-involved/index.html]
[writingerrands.com/blog/wp-json/wp/v2/posts/198.json]
[writingerrands.com/blog/programming-in-writing-errands/feed/index.html]
[writingerrands.com/blog/wp-json/oembed/1.0/embedf4e4.json]
[writingerrands.com/blog/wp-json/oembed/1.0/embed2ec3]
[writingerrands.com/loginb9e2.html]
[writingerrands.com/registerb9e2.html]
[writingerrands.com/blog/programming-in-writing-errands/index.html]
[writingerrands.com/blog/traits-of-a-good-writer/index.html]
[writingerrands.com/blog/wp-json/wp/v2/posts/221.json]
[writingerrands.com/blog/mathematics-homework-help/feed/index.html]
[writingerrands.com/blog/wp-json/oembed/1.0/embed3d39.json]
[writingerrands.com/blog/wp-json/oembed/1.0/embed7e9e]
[writingerrands.com/loginc940.html]
[writingerrands.com/blog/mathematics-homework-help/index.html]
[writingerrands.com/registerc940.html]
[writingerrands.com/blog/steps-involved-in-writing-a-winning-business-proposal/feed/index.html]
[writingerrands.com/blog/wp-json/wp/v2/posts/43.json]
[writingerrands.com/blog/how-to-handle-online-classes/index.html]
[writingerrands.com/blog/wp-json/oembed/1.0/embedd4a9.json]
[writingerrands.com/blog/wp-json/oembed/1.0/embed6322]
[writingerrands.com/login8727.html]
[writingerrands.com/blog/steps-involved-in-writing-a-winning-business-proposal/index.html]
[writingerrands.com/register8727.html]
[writingerrands.com/blog/wp-json/wp/v2/posts/131.json]
[writingerrands.com/blog/how-to-write-a-professional-case-study/index.html]
[writingerrands.com/blog/tag/business-proposal/index.html]
[writingerrands.com/blog/step-by-step-guide-involved-in-writing-a-good-thesis/index.html]
[writingerrands.com/blog/wp-json/oembed/1.0/embed815b.json]
[writingerrands.com/blog/the-role-of-antibiotics-in-the-treatment-of-infections/feed/index.html]
[writingerrands.com/blog/wp-json/oembed/1.0/embed1e61]
[writingerrands.com/loginfbc5.html]
[writingerrands.com/blog/the-role-of-antibiotics-in-the-treatment-of-infections/index.html]
[writingerrands.com/registerfbc5.html]
[writingerrands.com/blog/tag/antibiotics/index.html]
[writingerrands.com/blog/drug-development-process-the-steps-and-necessities-involved/index.html]
[writingerrands.com/blog/first-aid-treatment-for-a-car-accident-victim/index.html]
[writingerrands.com/blog/safe-use-of-medicines-for-older-adults/index.html]
[writingerrands.com/blog/wp-json/wp/v2/posts/243.json]
[writingerrands.com/blog/law-articles/feed/index.html]
[writingerrands.com/blog/wp-json/oembed/1.0/embedea5a.json]
[writingerrands.com/blog/wp-json/oembed/1.0/embedcfb4]
[writingerrands.com/login08bd.html]
[writingerrands.com/blog/law-articles/index.html]
[writingerrands.com/register08bd.html]
[writingerrands.com/blog/wp-json/wp/v2/posts/47.json]
[writingerrands.com/blog/author/levinjuguna/index.html]
[writingerrands.com/blog/how-to-write-an-outstanding-resume/feed/index.html]
[writingerrands.com/blog/wp-json/oembed/1.0/embed6869.json]
[writingerrands.com/blog/wp-json/oembed/1.0/embedc41f]
[writingerrands.com/login8275.html]
[writingerrands.com/blog/how-to-write-an-outstanding-resume/index.html]
[writingerrands.com/register8275.html]
[writingerrands.com/blog/tag/resume/index.html]
[writingerrands.com/blog/how-to-write-a-unique-book-review/index.html]
[writingerrands.com/blog/how-to-write-a-professional-press-release/index.html]
[writingerrands.com/blog/wp-json/wp/v2/posts/350.json]
[writingerrands.com/blog/heart-disease-first-aid-cure-for-sudden-cardiac-arrest/feed/index.html]
[writingerrands.com/blog/wp-json/oembed/1.0/embedc4ff.json]
[writingerrands.com/blog/wp-json/oembed/1.0/embed4680]
[writingerrands.com/logine211.html]
[writingerrands.com/registere211.html]
[writingerrands.com/blog/heart-disease-first-aid-cure-for-sudden-cardiac-arrest/index.html]
[writingerrands.com/blog/wp-json/wp/v2/posts/241.json]
[writingerrands.com/blog/nursing-homework-help/feed/index.html]
[writingerrands.com/blog/wp-json/oembed/1.0/embed0d50.json]
[writingerrands.com/blog/wp-json/oembed/1.0/embed93b6]
[writingerrands.com/logina5a7.html]
[writingerrands.com/blog/nursing-homework-help/index.html]
[writingerrands.com/registera5a7.html]
[writingerrands.com/blog/wp-json/wp/v2/posts/38.json]
[writingerrands.com/blog/how-to-write-a-winning-business-plan/feed/index.html]
[writingerrands.com/blog/wp-json/oembed/1.0/embeda386.json]
[writingerrands.com/blog/wp-json/oembed/1.0/embedd302]
[writingerrands.com/login572c.html]
[writingerrands.com/blog/how-to-write-a-winning-business-plan/index.html]
[writingerrands.com/register572c.html]
[writingerrands.com/blog/tag/business-plan/index.html]
[writingerrands.com/blog/bibliography-writing-and-the-steps-involved/index.html]
[writingerrands.com/blog/how-to-create-an-outstanding-speech-with-powerpoint-presentation/index.html]
[writingerrands.com/blog/environment-in-learning/feed/index.html]
[writingerrands.com/blog/wp-json/wp/v2/posts/249.json]
[writingerrands.com/blog/wp-json/oembed/1.0/embed1d07.json]
[writingerrands.com/blog/wp-json/oembed/1.0/embed4d87]
[writingerrands.com/loginbd66.html]
[writingerrands.com/blog/environment-in-learning/index.html]
[writingerrands.com/registerbd66.html]
[writingerrands.com/blog/how-to-look-for-the-best-homework-help-site/index.html]
[writingerrands.com/blog/febrile-convulsion-is-a-type-of-seizure/index.html]
[writingerrands.com/blog/best-accounting-help/feed/index.html]
[writingerrands.com/blog/wp-json/wp/v2/posts/237.json]
[writingerrands.com/blog/wp-json/oembed/1.0/embed87b8.json]
[writingerrands.com/blog/wp-json/oembed/1.0/embeda24f]
[writingerrands.com/login58b2.html]
[writingerrands.com/blog/best-accounting-help/index.html]
[writingerrands.com/register58b2.html]
[writingerrands.com/blog/causes-and-types-of-seizures-in-infants/feed/index.html]
[writingerrands.com/blog/wp-json/wp/v2/posts/102.json]
[writingerrands.com/blog/wp-json/oembed/1.0/embedb206.json]
[writingerrands.com/blog/wp-json/oembed/1.0/embede85e]
[writingerrands.com/login5898.html]
[writingerrands.com/blog/causes-and-types-of-seizures-in-infants/index.html]
[writingerrands.com/register5898.html]
[writingerrands.com/css/social_img/instagram.svg]
[writingerrands.com/refund-policy.html]
[writingerrands.com/payments-policy.html]
[writingerrands.com/plagiarism-policy.html]
[writingerrands.com/fonts/glyphicons-halflings-regular.html]
[writingerrands.com/fonts/glyphicons-halflings-regulard41d.html]
[writingerrands.com/fonts/glyphicons-halflings-regular-2.html]
[writingerrands.com/fonts/glyphicons-halflings-regular-3.html]
[writingerrands.com/fonts/glyphicons-halflings-regular-4.html]
[writingerrands.com/fonts/glyphicons-halflings-regular-5.html]
[writingerrands.com/images/backgrounds/headerfinal.html]
[writingerrands.com/images/how-to-find-a-doctor-in-croatia.html]
[writingerrands.com/fonts/Rivolicons-Freeee60.svg]
[writingerrands.com/forgot-password.html]
[writingerrands.com/images/Screenshot_57.html]
[writingerrands.com/images/support-sign.html]
[writingerrands.com/q-software/audios/writers_piece-of-cake.html]
[writingerrands.com/q-software/audios/writers_swiftly.html]
[writingerrands.com/about-us.html]
[writingerrands.com/css/orderca9a.css]
[writingerrands.com/blog/tag/hypoxic-ischemic-encephalopathy/index.html]
[writingerrands.com/blog/the-nursing-career-path-reasons-for-choosing-to-nurse-as-a-career/index.html]
[writingerrands.com/blog/alternative-medicine-benefits-and-disadvantages/index.html]
[writingerrands.com/css/social_img/demoImg.png]
[writingerrands.com/view-writer.html]
[writingerrands.com/css/index084c.css]
[writingerrands.com/css/order084c.css]
[writingerrands.com/css/samples.css]
[writingerrands.com/order0bd9.html]
[writingerrands.com/samples.css]
[writingerrands.com/booksac41.html]
[writingerrands.com/icon/Stripe.png]
[writingerrands.com/paypal/indexac41.html]
[writingerrands.com/icon/paypal.png]
[writingerrands.com/books9841.html]
[writingerrands.com/paypal/index9841.html]
[writingerrands.com/books5af6.html]
[writingerrands.com/paypal/index5af6.html]
[writingerrands.com/books5aa3.html]
[writingerrands.com/booksfba4.html]
[writingerrands.com/paypal/indexfba4.html]
[writingerrands.com/booksaf25.html]
[writingerrands.com/paypal/indexaf25.html]
[writingerrands.com/booksd975.html]
[writingerrands.com/paypal/indexd975.html]
[writingerrands.com/booksfeb0.html]
[writingerrands.com/booksce72.html]
[writingerrands.com/paypal/indexce72.html]
[writingerrands.com/books0bda.html]
[writingerrands.com/paypal/index0bda.html]
[writingerrands.com/booksf0bb.html]
[writingerrands.com/paypal/indexf0bb.html]
[writingerrands.com/books0bb1.html]
[writingerrands.com/booksc19f.html]
[writingerrands.com/paypal/indexc19f.html]
[writingerrands.com/books881a.html]
[writingerrands.com/paypal/index881a.html]
[writingerrands.com/booksdbd7.html]
[writingerrands.com/paypal/indexdbd7.html]
[writingerrands.com/books846d.html]
[writingerrands.com/books7725.html]
[writingerrands.com/paypal/index7725.html]
[writingerrands.com/booksfd20.html]
[writingerrands.com/paypal/indexfd20.html]
[writingerrands.com/bookscf77.html]
[writingerrands.com/paypal/indexcf77.html]
[writingerrands.com/books0cbb.html]
[writingerrands.com/books83c1.html]
[writingerrands.com/paypal/index83c1.html]
[writingerrands.com/books16e6.html]
[writingerrands.com/paypal/index16e6.html]
[writingerrands.com/books526a.html]
[writingerrands.com/paypal/index526a.html]
[writingerrands.com/books81ee.html]
[writingerrands.com/booksedd7.html]
[writingerrands.com/paypal/indexedd7.html]
[writingerrands.com/bookse054.html]
[writingerrands.com/paypal/indexe054.html]
[writingerrands.com/booksdba6.html]
[writingerrands.com/paypal/indexdba6.html]
[writingerrands.com/books5299.html]
[writingerrands.com/books9b12.html]
[writingerrands.com/paypal/index9b12.html]
[writingerrands.com/books0f0c.html]
[writingerrands.com/paypal/index0f0c.html]
[writingerrands.com/books37de.html]
[writingerrands.com/paypal/index37de.html]
[writingerrands.com/books2f5b.html]
[writingerrands.com/books03ca.html]
[writingerrands.com/paypal/index03ca.html]
[writingerrands.com/bookscef8.html]
[writingerrands.com/paypal/indexcef8.html]
[writingerrands.com/books1ab4.html]
[writingerrands.com/paypal/index1ab4.html]
[writingerrands.com/booksd294.html]
[writingerrands.com/books3434.html]
[writingerrands.com/paypal/index3434.html]
[writingerrands.com/books42d9.html]
[writingerrands.com/paypal/index42d9.html]
[writingerrands.com/books2652.html]
[writingerrands.com/paypal/index2652.html]
[writingerrands.com/booksa6c0.html]
[writingerrands.com/books18b4.html]
[writingerrands.com/paypal/index18b4.html]
[writingerrands.com/books56d2.html]
[writingerrands.com/paypal/index56d2.html]
[writingerrands.com/booksf372.html]
[writingerrands.com/paypal/indexf372.html]
[writingerrands.com/books7ce8.html]
[writingerrands.com/bookscefe.html]
[writingerrands.com/paypal/indexcefe.html]
[writingerrands.com/books898a.html]
[writingerrands.com/paypal/index898a.html]
[writingerrands.com/booksef81.html]
[writingerrands.com/paypal/indexef81.html]
[writingerrands.com/books76a9.html]
[writingerrands.com/blog/page/3/index.html]
[writingerrands.com/login9c8a.html]
[writingerrands.com/blog/page/2/index.html]
[writingerrands.com/register9c8a.html]
[writingerrands.com/blog/wp-includes/css/dist/block-library/style.mine23c.css]
[writingerrands.com/blog/wp-content/plugins/woo-product-social-sharing/public/css/wc_ss_btns-public.min09e1.css]
[writingerrands.com/blog/tag/acute-cough/index.html]
[writingerrands.com/blog/wp-content/plugins/woo-product-social-sharing/public/css/icons/fonts/Sociconf25b.eot]
[writingerrands.com/blog/wp-content/plugins/woo-product-social-sharing/public/css/icons/fonts/Sociconf25b.woff2]
[writingerrands.com/blog/wp-content/plugins/woo-product-social-sharing/public/css/icons/fonts/Sociconf25b.ttf]
[writingerrands.com/blog/wp-content/plugins/woo-product-social-sharing/public/css/icons/fonts/Sociconf25b.woff]
[writingerrands.com/blog/wp-content/plugins/woo-product-social-sharing/public/css/icons/socicon09e1.css]
[writingerrands.com/blog/wp-content/plugins/woo-product-social-sharing/public/css/fa/fonts/fontawesome-webfont3e6e.eot]
[writingerrands.com/blog/wp-content/plugins/woo-product-social-sharing/public/css/fa/fonts/fontawesome-webfontd41d.eot]
[writingerrands.com/blog/wp-content/plugins/woo-product-social-sharing/public/css/fa/fonts/fontawesome-webfont3e6e.woff2]
[writingerrands.com/blog/wp-content/plugins/woo-product-social-sharing/public/css/fa/fonts/fontawesome-webfont3e6e.woff]
[writingerrands.com/blog/wp-content/plugins/woo-product-social-sharing/public/css/fa/fonts/fontawesome-webfont3e6e.ttf]
[writingerrands.com/blog/wp-content/plugins/woo-product-social-sharing/public/css/fa/css/font-awesome.min09e1.css]
[writingerrands.com/blog/wp-content/themes/blogeasy-child/css/main31ef.css]
[writingerrands.com/blog/wp-content/themes/blogeasy-child/css/bootstrap31ef.css]
[writingerrands.com/blog/wp-content/themes/blogeasy/assets/webfonts/fa-brands-400.eot]
[writingerrands.com/blog/wp-content/themes/blogeasy/assets/webfonts/fa-brands-400d41d.eot]
[writingerrands.com/blog/wp-content/themes/blogeasy/assets/webfonts/fa-brands-400.woff2]
[writingerrands.com/blog/wp-content/themes/blogeasy/assets/webfonts/fa-brands-400.woff]
[writingerrands.com/blog/wp-content/themes/blogeasy/assets/webfonts/fa-brands-400.ttf]
[writingerrands.com/blog/wp-content/themes/blogeasy/assets/webfonts/fa-regular-400.eot]
[writingerrands.com/blog/wp-content/themes/blogeasy/assets/webfonts/fa-regular-400d41d.eot]
[writingerrands.com/blog/wp-content/themes/blogeasy/assets/webfonts/fa-regular-400.woff2]
[writingerrands.com/blog/wp-content/themes/blogeasy/assets/webfonts/fa-regular-400.woff]
[writingerrands.com/blog/wp-content/themes/blogeasy/assets/webfonts/fa-regular-400.ttf]
[writingerrands.com/blog/wp-content/themes/blogeasy/assets/webfonts/fa-solid-900.eot]
[writingerrands.com/blog/wp-content/themes/blogeasy/assets/webfonts/fa-solid-900d41d.eot]
[writingerrands.com/blog/wp-content/themes/blogeasy/assets/webfonts/fa-solid-900.woff2]
[writingerrands.com/blog/wp-content/themes/blogeasy/assets/webfonts/fa-solid-900.woff]
[writingerrands.com/blog/wp-content/themes/blogeasy/assets/webfonts/fa-solid-900.ttf]
[writingerrands.com/blog/wp-content/themes/blogeasy/assets/css/fontawesome-all066b.css]
[writingerrands.com/blog/wp-content/themes/blogeasy/assets/css/slicknav501e.css]
[writingerrands.com/blog/wp-content/themes/blogeasy-child/style31ef.css]
[writingerrands.com/blog/wp-content/themes/blogeasy-child/style.css]
[writingerrands.com/blog/xmlrpc0db0.html]
[writingerrands.com/blog/static.olark.com/jsclient/loader.html]
[writingerrands.com/login9026.html]
[writingerrands.com/register9026.html]
[writingerrands.com/blog/making-online-money-transfer-to-africa-with-moneygram/feed/index.html]
[writingerrands.com/blog/wp-json/wp/v2/posts/414.json]
[writingerrands.com/blog/wp-json/oembed/1.0/embed2fe5.json]
[writingerrands.com/blog/wp-json/oembed/1.0/embed0d69]
[writingerrands.com/login49eb.html]
[writingerrands.com/blog/making-online-money-transfer-to-africa-with-moneygram/index.html]
[writingerrands.com/register49eb.html]
[writingerrands.com/blog/author/benedict97144/page/2/index.html]
[writingerrands.com/blog/wp-json/wp/v2/users/2.json]
[writingerrands.com/blog/author/benedict97144/feed/index.html]
[writingerrands.com/loginf3bc.html]
[writingerrands.com/blog/author/benedict97144/index.html]
[writingerrands.com/registerf3bc.html]
[writingerrands.com/blog/category/guide/feed/index.html]
[writingerrands.com/blog/wp-json/wp/v2/categories/86.json]
[writingerrands.com/login006c.html]
[writingerrands.com/blog/category/guide/index.html]
[writingerrands.com/register006c.html]
[writingerrands.com/blog/pueperium-and-management/feed/index.html]
[writingerrands.com/blog/wp-json/wp/v2/posts/436.json]
[writingerrands.com/blog/wp-json/oembed/1.0/embedf1d5.json]
[writingerrands.com/blog/wp-json/oembed/1.0/embed64b6]
[writingerrands.com/login0bd3.html]
[writingerrands.com/blog/pueperium-and-management/index.html]
[writingerrands.com/register0bd3.html]
[writingerrands.com/blog/wp-json/wp/v2/users/1.json]
[writingerrands.com/blog/author/kibra92/feed/index.html]
[writingerrands.com/blog/author/kibra92/page/2/index.html]
[writingerrands.com/login609f.html]
[writingerrands.com/register609f.html]
[writingerrands.com/blog/wp-content/uploads/2020/01/fibrile-iamge.jpg]
[writingerrands.com/blog/author/kibra92/index.html]
[writingerrands.com/blog/tag/febrile-convulsion/index.html]
[writingerrands.com/blog/wp-json/wp/v2/posts/418.json]
[writingerrands.com/blog/make-instant-money-transfer-to-africa-with-bitsika-at-zero-fees/feed/index.html]
[writingerrands.com/blog/wp-json/oembed/1.0/embedfe31.json]
[writingerrands.com/blog/wp-json/oembed/1.0/embed228b]
[writingerrands.com/login040e.html]
[writingerrands.com/blog/make-instant-money-transfer-to-africa-with-bitsika-at-zero-fees/index.html]
[writingerrands.com/register040e.html]
[writingerrands.com/blog/category/uncategorized/feed/index.html]
[writingerrands.com/blog/category/uncategorized/page/2/index.html]
[writingerrands.com/blog/wp-json/wp/v2/categories/1.json]
[writingerrands.com/logina63b.html]
[writingerrands.com/registera63b.html]
[writingerrands.com/blog/category/uncategorized/index.html]
[writingerrands.com/blog/category/why-writingerrands/feed/index.html]
[writingerrands.com/blog/wp-json/wp/v2/categories/55.json]
[writingerrands.com/login0901.html]
[writingerrands.com/blog/category/why-writingerrands/index.html]
[writingerrands.com/register0901.html]
[writingerrands.com/blog/wp-json/wp/v2/posts/386.json]
[writingerrands.com/blog/quality-homework-helper/index.html]
[writingerrands.com/blog/tips-for-creating-a-proper-essay/index.html]
[writingerrands.com/blog/cybercrime-lawassignments-help/feed/index.html]
[writingerrands.com/blog/wp-json/oembed/1.0/embed1f8b.json]
[writingerrands.com/blog/wp-json/oembed/1.0/embed7d44]
[writingerrands.com/login3bb5.html]
[writingerrands.com/blog/cybercrime-lawassignments-help/index.html]
[writingerrands.com/register3bb5.html]
[writingerrands.com/blog/category/law/feed/index.html]
[writingerrands.com/blog/wp-json/wp/v2/categories/84.json]
[writingerrands.com/login6a34.html]
[writingerrands.com/blog/category/law/index.html]
[writingerrands.com/register6a34.html]
[writingerrands.com/blog/strategic-human-resource-management-verses-human-resource-management/feed/index.html]
[writingerrands.com/blog/wp-json/wp/v2/posts/382.json]
[writingerrands.com/blog/wp-json/oembed/1.0/embedcf58.json]
[writingerrands.com/blog/wp-json/oembed/1.0/embed4a3d]
[writingerrands.com/loginfed9.html]
[writingerrands.com/blog/strategic-human-resource-management-verses-human-resource-management/index.html]
[writingerrands.com/registerfed9.html]
[writingerrands.com/blog/wp-content/uploads/2020/08/images-1.jpg]
[writingerrands.com/blog/ranging-in-the-field-of-education-after-covid-19/feed/index.html]
[writingerrands.com/blog/wp-json/wp/v2/posts/359.json]
[writingerrands.com/blog/wp-json/oembed/1.0/embed507c.json]
[writingerrands.com/blog/wp-json/oembed/1.0/embedab7d]
[writingerrands.com/loginea86.html]
[writingerrands.com/blog/ranging-in-the-field-of-education-after-covid-19/index.html]
[writingerrands.com/registerea86.html]
[writingerrands.com/blog/tag/product-marketing/feed/index.html]
[writingerrands.com/blog/wp-json/wp/v2/tags/83.json]
[writingerrands.com/loginb6d1.html]
[writingerrands.com/blog/tag/product-marketing/index.html]
[writingerrands.com/registerb6d1.html]
[writingerrands.com/blog/wp-json/wp/v2/posts/352.json]
[writingerrands.com/blog/how-common-is-erectile-dysfunction-in-young-men/feed/index.html]
[writingerrands.com/blog/wp-json/oembed/1.0/embed5778.json]
[writingerrands.com/blog/wp-json/oembed/1.0/embed9408]
[writingerrands.com/logine5ed.html]
[writingerrands.com/blog/how-common-is-erectile-dysfunction-in-young-men/index.html]
[writingerrands.com/registere5ed.html]
[writingerrands.com/blog/tag/erectile-dysfunction/feed/index.html]
[writingerrands.com/blog/wp-json/wp/v2/tags/82.json]
[writingerrands.com/login1d4a.html]
[writingerrands.com/blog/tag/erectile-dysfunction/index.html]
[writingerrands.com/register1d4a.html]
[writingerrands.com/blog/wp-json/wp/v2/tags/81.json]
[writingerrands.com/blog/tag/cardiac-arrest/feed/index.html]
[writingerrands.com/login51da.html]
[writingerrands.com/blog/tag/cardiac-arrest/index.html]
[writingerrands.com/register51da.html]
[writingerrands.com/blog/how-to-survive-an-asthma-attack-if-youre-caught-without-inhaler/feed/index.html]
[writingerrands.com/blog/wp-json/wp/v2/posts/347.json]
[writingerrands.com/blog/wp-json/oembed/1.0/embed0d9d.json]
[writingerrands.com/blog/wp-json/oembed/1.0/embedbfcf]
[writingerrands.com/login028e.html]
[writingerrands.com/blog/how-to-survive-an-asthma-attack-if-youre-caught-without-inhaler/index.html]
[writingerrands.com/register028e.html]
[writingerrands.com/blog/wp-json/wp/v2/tags/80.json]
[writingerrands.com/blog/tag/asthma-attack/feed/index.html]
[writingerrands.com/login887f.html]
[writingerrands.com/blog/tag/asthma-attack/index.html]
[writingerrands.com/register887f.html]
[writingerrands.com/blog/category/medicine-and-nursing-assignments/feed/index.html]
[writingerrands.com/blog/wp-json/wp/v2/categories/28.json]
[writingerrands.com/blog/category/medicine-and-nursing-assignments/page/2/index.html]
[writingerrands.com/login4e4d.html]
[writingerrands.com/register4e4d.html]
[writingerrands.com/blog/category/medicine-and-nursing-assignments/index.html]
[writingerrands.com/css/order9a9d.css]
[writingerrands.com/css/order4fc5.css]
[writingerrands.com/css/view-writer1a74.css]
[writingerrands.com/css/order80d7.css]
[writingerrands.com/css/view-writeracc3.css]
[writingerrands.com/css/order7a0a.css]
[writingerrands.com/css/view-writerd26e.css]
[writingerrands.com/css/writers99b9.css]
[writingerrands.com/order78e7.html]
[writingerrands.com/view-writer78e7.html]
[writingerrands.com/order7e5c.html]
[writingerrands.com/view-writer7e5c.html]
[cdn.jsdelivr.net/npm/bootstrap@5.0.0/dist/js/bootstrap.bundle.min.html]
[writingerrands.com/blog/category/acaddmic-writing/page/3/index.html]
[writingerrands.com/loginfc99.html]
[writingerrands.com/blog/category/acaddmic-writing/page/2/index.html]
[writingerrands.com/registerfc99.html]
[writingerrands.com/blog/category/acaddmic-writing/static.olark.com/jsclient/loader.html]
[writingerrands.com/blog/tag/address-of-a-formal-letter/index.html]
[writingerrands.com/blog/tag/steps-involved-in-formal-letter/index.html]
[writingerrands.com/blog/tag/formal-letter/index.html]
[writingerrands.com/blog/tag/how-to-write-a-formal-letter/index.html]
[writingerrands.com/logina6ec.html]
[writingerrands.com/blog/steps-involved-in-writing-a-unique-dissertation/index.html]
[writingerrands.com/blog/tag/dissertation/index.html]
[writingerrands.com/blog/writing-a-reaction-paper-and-the-steps-involved/index.html]
[writingerrands.com/blog/tag/reaction-paper/index.html]
[writingerrands.com/blog/how-to-write-an-outstanding-lab-report/index.html]
[writingerrands.com/blog/tag/lab-report/index.html]
[writingerrands.com/blog/tag/short-preparation-debate/index.html]
[writingerrands.com/blog/tag/letter-of-application/index.html]
[writingerrands.com/registera6ec.html]
[writingerrands.com/blog/tag/press-release/index.html]
[writingerrands.com/blog/tag/book-review/index.html]
[writingerrands.com/blog/tag/case-study/index.html]
[writingerrands.com/blog/wp-json/wp/v2/posts/298.json]
[writingerrands.com/blog/things-to-note-before-organizing-an-interview/feed/index.html]
[writingerrands.com/blog/wp-json/oembed/1.0/embed1822.json]
[writingerrands.com/blog/wp-json/oembed/1.0/embedd5b5]
[writingerrands.com/login53cd.html]
[writingerrands.com/blog/things-to-note-before-organizing-an-interview/index.html]
[writingerrands.com/register53cd.html]
[writingerrands.com/blog/wp-json/wp/v2/tags/59.json]
[writingerrands.com/blog/tag/interview-questions/feed/index.html]
[writingerrands.com/loginfba9.html]
[writingerrands.com/blog/tag/interview-questions/index.html]
[writingerrands.com/registerfba9.html]
[writingerrands.com/blog/wp-json/wp/v2/tags/60.json]
[writingerrands.com/blog/tag/preparing-for-interview/feed/index.html]
[writingerrands.com/logineee4.html]
[writingerrands.com/blog/tag/preparing-for-interview/index.html]
[writingerrands.com/registereee4.html]
[writingerrands.com/blog/wp-json/wp/v2/posts/292.json]
[writingerrands.com/blog/nine-essential-elements-of-a-great-content/feed/index.html]
[writingerrands.com/blog/wp-json/oembed/1.0/embed012e.json]
[writingerrands.com/blog/wp-json/oembed/1.0/embed9aa3]
[writingerrands.com/logine987.html]
[writingerrands.com/blog/nine-essential-elements-of-a-great-content/index.html]
[writingerrands.com/registere987.html]
[writingerrands.com/blog/tag/engaging-articles/feed/index.html]
[writingerrands.com/blog/wp-json/wp/v2/tags/58.json]
[writingerrands.com/loginc9c7.html]
[writingerrands.com/blog/tag/engaging-articles/index.html]
[writingerrands.com/registerc9c7.html]
[writingerrands.com/blog/tag/greate-content/feed/index.html]
[writingerrands.com/blog/wp-json/wp/v2/tags/57.json]
[writingerrands.com/logind7a5.html]
[writingerrands.com/blog/tag/greate-content/index.html]
[writingerrands.com/registerd7a5.html]
[writingerrands.com/blog/wp-json/wp/v2/posts/227.json]
[writingerrands.com/blog/how-to-achieve-high-grades-in-your-academic-papers/feed/index.html]
[writingerrands.com/blog/wp-json/oembed/1.0/embed16bf.json]
[writingerrands.com/blog/wp-json/oembed/1.0/embed2070]
[writingerrands.com/logine52b.html]
[writingerrands.com/blog/how-to-achieve-high-grades-in-your-academic-papers/index.html]
[writingerrands.com/registere52b.html]
[writingerrands.com/blog/wp-json/wp/v2/posts/195.json]
[writingerrands.com/blog/how-to-plan-your-essay/feed/index.html]
[writingerrands.com/blog/wp-json/oembed/1.0/embed3119.json]
[writingerrands.com/blog/wp-json/oembed/1.0/embed2a72]
[writingerrands.com/login86a0.html]
[writingerrands.com/blog/how-to-plan-your-essay/index.html]
[writingerrands.com/register86a0.html]
[writingerrands.com/blog/wp-content/uploads/2019/12/overlay.jpg]
[writingerrands.com/blog/how-to-increase-the-chances-of-getting-quality-work/index.html]
[writingerrands.com/blog/wp-json/wp/v2/posts/190.json]
[writingerrands.com/blog/how-should-an-academic-essay-be-arranged/feed/index.html]
[writingerrands.com/blog/wp-json/oembed/1.0/embed53c0.json]
[writingerrands.com/blog/wp-json/oembed/1.0/embed4678]
[writingerrands.com/loginc130.html]
[writingerrands.com/blog/how-should-an-academic-essay-be-arranged/index.html]
[writingerrands.com/registerc130.html]
[writingerrands.com/blog/best-reading-habits-a-guide-by-writing-errands/index.html]
[writingerrands.com/blog/wp-json/wp/v2/posts/153.json]
[writingerrands.com/blog/sleep-disorders/feed/index.html]
[writingerrands.com/blog/wp-json/oembed/1.0/embed4f16.json]
[writingerrands.com/blog/wp-json/oembed/1.0/embedbd67]
[writingerrands.com/login2591.html]
[writingerrands.com/blog/sleep-disorders/index.html]
[writingerrands.com/register2591.html]
[writingerrands.com/blog/5-deadly-outbreak-in-all-of-history/index.html]
[writingerrands.com/blog/drug-nomenclature-the-naming-and-dispensing-of-drugs/index.html]
[writingerrands.com/blog/tag/essay-title/feed/index.html]
[writingerrands.com/blog/wp-json/wp/v2/tags/36.json]
[writingerrands.com/login0eee.html]
[writingerrands.com/blog/tag/essay-title/index.html]
[writingerrands.com/register0eee.html]
[writingerrands.com/blog/tag/essay-writing/feed/index.html]
[writingerrands.com/blog/wp-json/wp/v2/tags/35.json]
[writingerrands.com/login96ef.html]
[writingerrands.com/register96ef.html]
[writingerrands.com/blog/tag/essay-writing/index.html]
[writingerrands.com/blog/category/book-review/static.olark.com/jsclient/loader.html]
[writingerrands.com/logina8b5.html]
[writingerrands.com/registera8b5.html]
[writingerrands.com/blog/wp-json/wp/v2/posts/230.json]
[writingerrands.com/blog/book-review-how-to-facilitate-a-proper-book-review/feed/index.html]
[writingerrands.com/blog/wp-json/oembed/1.0/embed6e42.json]
[writingerrands.com/blog/wp-json/oembed/1.0/embed4a1e]
[writingerrands.com/login1b34.html]
[writingerrands.com/blog/book-review-how-to-facilitate-a-proper-book-review/index.html]
[writingerrands.com/blog/index0721.html]
[writingerrands.com/blog/xmlrpc.html]
[writingerrands.com/blog/article-review-writing-the-preparation-and-process-involved/static.olark.com/jsclient/loader.html]
[writingerrands.com/register1b34.html]
[writingerrands.com/login703f.html]
[writingerrands.com/register703f.html]
[writingerrands.com/blog/wp-json/wp/v2/posts/40.json]
[writingerrands.com/blog/steps-involved-in-writing-seo-friendly-article/feed/index.html]
[writingerrands.com/blog/wp-json/oembed/1.0/embed5520.json]
[writingerrands.com/blog/wp-json/oembed/1.0/embed638a]
[writingerrands.com/login6754.html]
[writingerrands.com/blog/steps-involved-in-writing-seo-friendly-article/index.html]
[writingerrands.com/register6754.html]
[writingerrands.com/blog/tag/seo-article/index.html]
[writingerrands.com/blog/tag/keywords/index.html]
[writingerrands.com/blog/the-steps-involved-in-writing-a-unique-term-paper/index.html]
[writingerrands.com/blog/wp-json/wp/v2/tags/23.json]
[writingerrands.com/blog/tag/article-review-writing/feed/index.html]
[writingerrands.com/loginecd4.html]
[writingerrands.com/blog/tag/article-review-writing/index.html]
[writingerrands.com/registerecd4.html]
[writingerrands.com/blog/wp-json/wp/v2/posts/63.json]
[writingerrands.com/blog/letter-of-application-a-complete-guide-on-the-stages-involved/feed/index.html]
[writingerrands.com/blog/wp-json/oembed/1.0/embedce09.json]
[writingerrands.com/blog/wp-json/oembed/1.0/embed5d31]
[writingerrands.com/logindbcb.html]
[writingerrands.com/registerdbcb.html]
[writingerrands.com/blog/letter-of-application-a-complete-guide-on-the-stages-involved/index.html]
[writingerrands.com/blog/wp-json/wp/v2/posts/65.json]
[writingerrands.com/blog/short-preparation-debate-two-methods-for-developing-a-case/feed/index.html]
[writingerrands.com/blog/wp-json/oembed/1.0/embed99f7.json]
[writingerrands.com/blog/wp-json/oembed/1.0/embede045]
[writingerrands.com/logine28a.html]
[writingerrands.com/blog/short-preparation-debate-two-methods-for-developing-a-case/index.html]
[writingerrands.com/blog/index8844.html]
[writingerrands.com/blog/how-to-structure-your-business-blog-posts-to-maximize-direction/static.olark.com/jsclient/loader.html]
[writingerrands.com/registere28a.html]
[writingerrands.com/loginc3d9.html]
[writingerrands.com/registerc3d9.html]
[writingerrands.com/blog/wp-json/wp/v2/posts/239.json]
[writingerrands.com/blog/orders-and-how-they-are-passed-in-writing-errands/feed/index.html]
[writingerrands.com/blog/wp-json/oembed/1.0/embed8c64.json]
[writingerrands.com/blog/wp-json/oembed/1.0/embed40cb]
[writingerrands.com/loginca4e.html]
[writingerrands.com/blog/orders-and-how-they-are-passed-in-writing-errands/index.html]
[writingerrands.com/registerca4e.html]
[writingerrands.com/blog/tag/business-blog-posts/feed/index.html]
[writingerrands.com/blog/wp-json/wp/v2/tags/66.json]
[writingerrands.com/login7fd2.html]
[writingerrands.com/blog/tag/business-blog-posts/index.html]
[writingerrands.com/register7fd2.html]
[writingerrands.com/blog/wp-json/wp/v2/posts/304.json]
[writingerrands.com/blog/steps-involved-in-getting-the-best-medical-care/feed/index.html]
[writingerrands.com/blog/wp-json/oembed/1.0/embed8f2c.json]
[writingerrands.com/blog/wp-json/oembed/1.0/embed0abc]
[writingerrands.com/login7052.html]
[writingerrands.com/blog/steps-involved-in-getting-the-best-medical-care/index.html]
[writingerrands.com/register7052.html]
[writingerrands.com/blog/checkout-acute-coughs-and-the-solutions-to-them/feed/index.html]
[writingerrands.com/blog/wp-json/wp/v2/posts/314.json]
[writingerrands.com/blog/wp-json/oembed/1.0/embed99db.json]
[writingerrands.com/blog/wp-json/oembed/1.0/embedae3c]
[writingerrands.com/login935c.html]
[writingerrands.com/blog/checkout-acute-coughs-and-the-solutions-to-them/index.html]
[writingerrands.com/register935c.html]
[writingerrands.com/login951d.html]
